Archive member included to satisfy reference by file (symbol)

C:/Programming/STM32CubeIDE_1.16.0/STM32CubeIDE/plugins/com.st.stm32cube.ide.mcu.externaltools.gnu-tools-for-stm32.12.3.rel1.win32_1.0.200.202406191623/tools/bin/../lib/gcc/arm-none-eabi/12.3.1/../../../../arm-none-eabi/lib/thumb/v7e-m+dp/hard\libc_nano.a(libc_a-exit.o)
                              C:/Programming/STM32CubeIDE_1.16.0/STM32CubeIDE/plugins/com.st.stm32cube.ide.mcu.externaltools.gnu-tools-for-stm32.12.3.rel1.win32_1.0.200.202406191623/tools/bin/../lib/gcc/arm-none-eabi/12.3.1/../../../../arm-none-eabi/lib/thumb/v7e-m+dp/hard/crt0.o (exit)
C:/Programming/STM32CubeIDE_1.16.0/STM32CubeIDE/plugins/com.st.stm32cube.ide.mcu.externaltools.gnu-tools-for-stm32.12.3.rel1.win32_1.0.200.202406191623/tools/bin/../lib/gcc/arm-none-eabi/12.3.1/../../../../arm-none-eabi/lib/thumb/v7e-m+dp/hard\libc_nano.a(libc_a-findfp.o)
                              C:/Programming/STM32CubeIDE_1.16.0/STM32CubeIDE/plugins/com.st.stm32cube.ide.mcu.externaltools.gnu-tools-for-stm32.12.3.rel1.win32_1.0.200.202406191623/tools/bin/../lib/gcc/arm-none-eabi/12.3.1/../../../../arm-none-eabi/lib/thumb/v7e-m+dp/hard\libc_nano.a(libc_a-exit.o) (__stdio_exit_handler)
C:/Programming/STM32CubeIDE_1.16.0/STM32CubeIDE/plugins/com.st.stm32cube.ide.mcu.externaltools.gnu-tools-for-stm32.12.3.rel1.win32_1.0.200.202406191623/tools/bin/../lib/gcc/arm-none-eabi/12.3.1/../../../../arm-none-eabi/lib/thumb/v7e-m+dp/hard\libc_nano.a(libc_a-fwalk.o)
                              C:/Programming/STM32CubeIDE_1.16.0/STM32CubeIDE/plugins/com.st.stm32cube.ide.mcu.externaltools.gnu-tools-for-stm32.12.3.rel1.win32_1.0.200.202406191623/tools/bin/../lib/gcc/arm-none-eabi/12.3.1/../../../../arm-none-eabi/lib/thumb/v7e-m+dp/hard\libc_nano.a(libc_a-findfp.o) (_fwalk_sglue)
C:/Programming/STM32CubeIDE_1.16.0/STM32CubeIDE/plugins/com.st.stm32cube.ide.mcu.externaltools.gnu-tools-for-stm32.12.3.rel1.win32_1.0.200.202406191623/tools/bin/../lib/gcc/arm-none-eabi/12.3.1/../../../../arm-none-eabi/lib/thumb/v7e-m+dp/hard\libc_nano.a(libc_a-stdio.o)
                              C:/Programming/STM32CubeIDE_1.16.0/STM32CubeIDE/plugins/com.st.stm32cube.ide.mcu.externaltools.gnu-tools-for-stm32.12.3.rel1.win32_1.0.200.202406191623/tools/bin/../lib/gcc/arm-none-eabi/12.3.1/../../../../arm-none-eabi/lib/thumb/v7e-m+dp/hard\libc_nano.a(libc_a-findfp.o) (__sread)
C:/Programming/STM32CubeIDE_1.16.0/STM32CubeIDE/plugins/com.st.stm32cube.ide.mcu.externaltools.gnu-tools-for-stm32.12.3.rel1.win32_1.0.200.202406191623/tools/bin/../lib/gcc/arm-none-eabi/12.3.1/../../../../arm-none-eabi/lib/thumb/v7e-m+dp/hard\libc_nano.a(libc_a-memset.o)
                              C:/Programming/STM32CubeIDE_1.16.0/STM32CubeIDE/plugins/com.st.stm32cube.ide.mcu.externaltools.gnu-tools-for-stm32.12.3.rel1.win32_1.0.200.202406191623/tools/bin/../lib/gcc/arm-none-eabi/12.3.1/../../../../arm-none-eabi/lib/thumb/v7e-m+dp/hard/crt0.o (memset)
C:/Programming/STM32CubeIDE_1.16.0/STM32CubeIDE/plugins/com.st.stm32cube.ide.mcu.externaltools.gnu-tools-for-stm32.12.3.rel1.win32_1.0.200.202406191623/tools/bin/../lib/gcc/arm-none-eabi/12.3.1/../../../../arm-none-eabi/lib/thumb/v7e-m+dp/hard\libc_nano.a(libc_a-closer.o)
                              C:/Programming/STM32CubeIDE_1.16.0/STM32CubeIDE/plugins/com.st.stm32cube.ide.mcu.externaltools.gnu-tools-for-stm32.12.3.rel1.win32_1.0.200.202406191623/tools/bin/../lib/gcc/arm-none-eabi/12.3.1/../../../../arm-none-eabi/lib/thumb/v7e-m+dp/hard\libc_nano.a(libc_a-stdio.o) (_close_r)
C:/Programming/STM32CubeIDE_1.16.0/STM32CubeIDE/plugins/com.st.stm32cube.ide.mcu.externaltools.gnu-tools-for-stm32.12.3.rel1.win32_1.0.200.202406191623/tools/bin/../lib/gcc/arm-none-eabi/12.3.1/../../../../arm-none-eabi/lib/thumb/v7e-m+dp/hard\libc_nano.a(libc_a-reent.o)
                              C:/Programming/STM32CubeIDE_1.16.0/STM32CubeIDE/plugins/com.st.stm32cube.ide.mcu.externaltools.gnu-tools-for-stm32.12.3.rel1.win32_1.0.200.202406191623/tools/bin/../lib/gcc/arm-none-eabi/12.3.1/../../../../arm-none-eabi/lib/thumb/v7e-m+dp/hard\libc_nano.a(libc_a-closer.o) (errno)
C:/Programming/STM32CubeIDE_1.16.0/STM32CubeIDE/plugins/com.st.stm32cube.ide.mcu.externaltools.gnu-tools-for-stm32.12.3.rel1.win32_1.0.200.202406191623/tools/bin/../lib/gcc/arm-none-eabi/12.3.1/../../../../arm-none-eabi/lib/thumb/v7e-m+dp/hard\libc_nano.a(libc_a-impure.o)
                              C:/Programming/STM32CubeIDE_1.16.0/STM32CubeIDE/plugins/com.st.stm32cube.ide.mcu.externaltools.gnu-tools-for-stm32.12.3.rel1.win32_1.0.200.202406191623/tools/bin/../lib/gcc/arm-none-eabi/12.3.1/../../../../arm-none-eabi/lib/thumb/v7e-m+dp/hard\libc_nano.a(libc_a-reent.o) (_impure_ptr)
C:/Programming/STM32CubeIDE_1.16.0/STM32CubeIDE/plugins/com.st.stm32cube.ide.mcu.externaltools.gnu-tools-for-stm32.12.3.rel1.win32_1.0.200.202406191623/tools/bin/../lib/gcc/arm-none-eabi/12.3.1/../../../../arm-none-eabi/lib/thumb/v7e-m+dp/hard\libc_nano.a(libc_a-lseekr.o)
[...]
Memory Configuration

Name             Origin             Length             Attributes
FLASH            0x08000000         0x00200000         xr
DTCMRAM          0x20000000         0x00020000         xrw
RAM_D1           0x24000000         0x00080000         xrw
RAM_D2           0x30000000         0x00048000         xrw
RAM_D3           0x38000000         0x00010000         xrw
ITCMRAM          0x00000000         0x00010000         xrw
*default*        0x00000000         0xffffffff

Linker script and memory map

LOAD C:/Programming/STM32CubeIDE_1.16.0/STM32CubeIDE/plugins/com.st.stm32cube.ide.mcu.externaltools.gnu-tools-for-stm32.12.3.rel1.win32_1.0.200.202406191623/tools/bin/../lib/gcc/arm-none-eabi/12.3.1/thumb/v7e-m+dp/hard/crti.o
LOAD C:/Programming/STM32CubeIDE_1.16.0/STM32CubeIDE/plugins/com.st.stm32cube.ide.mcu.externaltools.gnu-tools-for-stm32.12.3.rel1.win32_1.0.200.202406191623/tools/bin/../lib/gcc/arm-none-eabi/12.3.1/thumb/v7e-m+dp/hard/crtbegin.o
LOAD C:/Programming/STM32CubeIDE_1.16.0/STM32CubeIDE/plugins/com.st.stm32cube.ide.mcu.externaltools.gnu-tools-for-stm32.12.3.rel1.win32_1.0.200.202406191623/tools/bin/../lib/gcc/arm-none-eabi/12.3.1/../../../../arm-none-eabi/lib/thumb/v7e-m+dp/hard/crt0.o
LOAD ./Core/Src/My_Project/DCR_SIGNAL.o
LOAD ./Core/Src/My_Project/RISING_PHOTON.o
LOAD ./Core/Src/My_Project/USART_PC.o
LOAD ./Core/Src/My_Project/math.o
LOAD ./Core/Src/gpio.o
LOAD ./Core/Src/main.o
LOAD ./Core/Src/memorymap.o
LOAD ./Core/Src/rng.o
LOAD ./Core/Src/stm32h7xx_hal_msp.o
LOAD ./Core/Src/stm32h7xx_it.o
LOAD ./Core/Src/syscalls.o
LOAD ./Core/Src/sysmem.o
LOAD ./Core/Src/system_stm32h7xx.o
LOAD ./Core/Src/tim.o
LOAD ./Core/Startup/startup_stm32h743vitx.o
LOAD ./Drivers/STM32H7xx_HAL_Driver/Src/stm32h7xx_hal.o
LOAD ./Drivers/STM32H7xx_HAL_Driver/Src/stm32h7xx_hal_cortex.o
LOAD ./Drivers/STM32H7xx_HAL_Driver/Src/stm32h7xx_hal_dma.o
LOAD ./Drivers/STM32H7xx_HAL_Driver/Src/stm32h7xx_hal_dma_ex.o
LOAD ./Drivers/STM32H7xx_HAL_Driver/Src/stm32h7xx_hal_exti.o
LOAD ./Drivers/STM32H7xx_HAL_Driver/Src/stm32h7xx_hal_flash.o
LOAD ./Drivers/STM32H7xx_HAL_Driver/Src/stm32h7xx_hal_flash_ex.o
LOAD ./Drivers/STM32H7xx_HAL_Driver/Src/stm32h7xx_hal_gpio.o
LOAD ./Drivers/STM32H7xx_HAL_Driver/Src/stm32h7xx_hal_hsem.o
LOAD ./Drivers/STM32H7xx_HAL_Driver/Src/stm32h7xx_hal_i2c.o
LOAD ./Drivers/STM32H7xx_HAL_Driver/Src/stm32h7xx_hal_i2c_ex.o
LOAD ./Drivers/STM32H7xx_HAL_Driver/Src/stm32h7xx_hal_mdma.o
LOAD ./Drivers/STM32H7xx_HAL_Driver/Src/stm32h7xx_hal_pwr.o
LOAD ./Drivers/STM32H7xx_HAL_Driver/Src/stm32h7xx_hal_pwr_ex.o
LOAD ./Drivers/STM32H7xx_HAL_Driver/Src/stm32h7xx_hal_rcc.o
LOAD ./Drivers/STM32H7xx_HAL_Driver/Src/stm32h7xx_hal_rcc_ex.o
LOAD ./Drivers/STM32H7xx_HAL_Driver/Src/stm32h7xx_hal_rng.o
LOAD ./Drivers/STM32H7xx_HAL_Driver/Src/stm32h7xx_hal_rng_ex.o
LOAD ./Drivers/STM32H7xx_HAL_Driver/Src/stm32h7xx_hal_tim.o
LOAD ./Drivers/STM32H7xx_HAL_Driver/Src/stm32h7xx_hal_tim_ex.o
START GROUP
LOAD C:/Programming/STM32CubeIDE_1.16.0/STM32CubeIDE/plugins/com.st.stm32cube.ide.mcu.externaltools.gnu-tools-for-stm32.12.3.rel1.win32_1.0.200.202406191623/tools/bin/../lib/gcc/arm-none-eabi/12.3.1/../../../../arm-none-eabi/lib/thumb/v7e-m+dp/hard\libc_nano.a
LOAD C:/Programming/STM32CubeIDE_1.16.0/STM32CubeIDE/plugins/com.st.stm32cube.ide.mcu.externaltools.gnu-tools-for-stm32.12.3.rel1.win32_1.0.200.202406191623/tools/bin/../lib/gcc/arm-none-eabi/12.3.1/../../../../arm-none-eabi/lib/thumb/v7e-m+dp/hard\libm.a
END GROUP
START GROUP
LOAD C:/Programming/STM32CubeIDE_1.16.0/STM32CubeIDE/plugins/com.st.stm32cube.ide.mcu.externaltools.gnu-tools-for-stm32.12.3.rel1.win32_1.0.200.202406191623/tools/bin/../lib/gcc/arm-none-eabi/12.3.1/thumb/v7e-m+dp/hard\libgcc.a
LOAD C:/Programming/STM32CubeIDE_1.16.0/STM32CubeIDE/plugins/com.st.stm32cube.ide.mcu.externaltools.gnu-tools-for-stm32.12.3.rel1.win32_1.0.200.202406191623/tools/bin/../lib/gcc/arm-none-eabi/12.3.1/../../../../arm-none-eabi/lib/thumb/v7e-m+dp/hard\libc_nano.a
END GROUP
START GROUP
LOAD C:/Programming/STM32CubeIDE_1.16.0/STM32CubeIDE/plugins/com.st.stm32cube.ide.mcu.externaltools.gnu-tools-for-stm32.12.3.rel1.win32_1.0.200.202406191623/tools/bin/../lib/gcc/arm-none-eabi/12.3.1/thumb/v7e-m+dp/hard\libgcc.a
LOAD C:/Programming/STM32CubeIDE_1.16.0/STM32CubeIDE/plugins/com.st.stm32cube.ide.mcu.externaltools.gnu-tools-for-stm32.12.3.rel1.win32_1.0.200.202406191623/tools/bin/../lib/gcc/arm-none-eabi/12.3.1/../../../../arm-none-eabi/lib/thumb/v7e-m+dp/hard\libc_nano.a
LOAD C:/Programming/STM32CubeIDE_1.16.0/STM32CubeIDE/plugins/com.st.stm32cube.ide.mcu.externaltools.gnu-tools-for-stm32.12.3.rel1.win32_1.0.200.202406191623/tools/bin/../lib/gcc/arm-none-eabi/12.3.1/../../../../arm-none-eabi/lib/thumb/v7e-m+dp/hard\libnosys.a
END GROUP
START GROUP
LOAD C:/Programming/STM32CubeIDE_1.16.0/STM32CubeIDE/plugins/com.st.stm32cube.ide.mcu.externaltools.gnu-tools-for-stm32.12.3.rel1.win32_1.0.200.202406191623/tools/bin/../lib/gcc/arm-none-eabi/12.3.1/thumb/v7e-m+dp/hard\libgcc.a
LOAD C:/Programming/STM32CubeIDE_1.16.0/STM32CubeIDE/plugins/com.st.stm32cube.ide.mcu.externaltools.gnu-tools-for-stm32.12.3.rel1.win32_1.0.200.202406191623/tools/bin/../lib/gcc/arm-none-eabi/12.3.1/../../../../arm-none-eabi/lib/thumb/v7e-m+dp/hard\libc_nano.a
LOAD C:/Programming/STM32CubeIDE_1.16.0/STM32CubeIDE/plugins/com.st.stm32cube.ide.mcu.externaltools.gnu-tools-for-stm32.12.3.rel1.win32_1.0.200.202406191623/tools/bin/../lib/gcc/arm-none-eabi/12.3.1/../../../../arm-none-eabi/lib/thumb/v7e-m+dp/hard\libnosys.a
END GROUP
LOAD C:/Programming/STM32CubeIDE_1.16.0/STM32CubeIDE/plugins/com.st.stm32cube.ide.mcu.externaltools.gnu-tools-for-stm32.12.3.rel1.win32_1.0.200.202406191623/tools/bin/../lib/gcc/arm-none-eabi/12.3.1/thumb/v7e-m+dp/hard/crtend.o
LOAD C:/Programming/STM32CubeIDE_1.16.0/STM32CubeIDE/plugins/com.st.stm32cube.ide.mcu.externaltools.gnu-tools-for-stm32.12.3.rel1.win32_1.0.200.202406191623/tools/bin/../lib/gcc/arm-none-eabi/12.3.1/thumb/v7e-m+dp/hard/crtn.o
                0x24080000                        _estack = (ORIGIN (RAM_D1) + LENGTH (RAM_D1))
                0x00000200                        _Min_Heap_Size = 0x200
                0x00000400                        _Min_Stack_Size = 0x400

.isr_vector     0x08000000      0x298
                0x08000000                        . = ALIGN (0x4)
 *(.isr_vector)
 .isr_vector    0x08000000      0x298 ./Core/Startup/startup_stm32h743vitx.o
                0x08000000                g_pfnVectors
                0x08000298                        . = ALIGN (0x4)

.text           0x08000298     0x53c4
                0x08000298                        . = ALIGN (0x4)
 *(.text)
 .text          0x08000298       0x40 C:/Programming/STM32CubeIDE_1.16.0/STM32CubeIDE/plugins/com.st.stm32cube.ide.mcu.externaltools.gnu-tools-for-stm32.12.3.rel1.win32_1.0.200.202406191623/tools/bin/../lib/gcc/arm-none-eabi/12.3.1/thumb/v7e-m+dp/hard/crtbegin.o
 *(.text*)
 .text.RNG_GetValue
                0x080002d8       0x30 ./Core/Src/My_Project/DCR_SIGNAL.o
                0x080002d8                RNG_GetValue
 .text.DCR_Geterate
                0x08000308       0x50 ./Core/Src/My_Project/DCR_SIGNAL.o
                0x08000308                DCR_Geterate
 .text.HAL_TIM_TriggerCallback
                0x08000358       0x3c ./Core/Src/My_Project/RISING_PHOTON.o
                0x08000358                HAL_TIM_TriggerCallback
 .text.HAL_TIM_PeriodElapsedCallback
                0x08000394       0x3c ./Core/Src/My_Project/RISING_PHOTON.o
                0x08000394                HAL_TIM_PeriodElapsedCallback
 .text.math     0x080003d0       0x50 ./Core/Src/My_Project/math.o
                0x080003d0                math
 .text.MX_GPIO_Init
                0x08000420       0xc8 ./Core/Src/gpio.o
                0x08000420                MX_GPIO_Init
 .text.main     0x080004e8       0xac ./Core/Src/main.o
                0x080004e8                main
 .text.SystemClock_Config
                0x08000594      0x160 ./Core/Src/main.o
                0x08000594                SystemClock_Config
 .text.MPU_Config
                0x080006f4       0x58 ./Core/Src/main.o
 .text.Error_Handler
                0x0800074c        0xc ./Core/Src/main.o
                0x0800074c                Error_Handler
 .text.MX_RNG_Init
                0x08000758       0x2c ./Core/Src/rng.o
                0x08000758                MX_RNG_Init
 .text.HAL_RNG_MspInit
                0x08000784       0x74 ./Core/Src/rng.o
                0x08000784                HAL_RNG_MspInit
 .text.HAL_MspInit
                0x080007f8       0x34 ./Core/Src/stm32h7xx_hal_msp.o
                0x080007f8                HAL_MspInit
 .text.NMI_Handler
                0x0800082c        0x8 ./Core/Src/stm32h7xx_it.o
                0x0800082c                NMI_Handler
 .text.HardFault_Handler
                0x08000834        0x8 ./Core/Src/stm32h7xx_it.o
                0x08000834                HardFault_Handler
 .text.MemManage_Handler
                0x0800083c        0x8 ./Core/Src/stm32h7xx_it.o
                0x0800083c                MemManage_Handler
 .text.BusFault_Handler
                0x08000844        0x8 ./Core/Src/stm32h7xx_it.o
                0x08000844                BusFault_Handler
 .text.UsageFault_Handler
                0x0800084c        0x8 ./Core/Src/stm32h7xx_it.o
                0x0800084c                UsageFault_Handler
 .text.SVC_Handler
                0x08000854        0xe ./Core/Src/stm32h7xx_it.o
                0x08000854                SVC_Handler
 .text.DebugMon_Handler
                0x08000862        0xe ./Core/Src/stm32h7xx_it.o
                0x08000862                DebugMon_Handler
 .text.PendSV_Handler
                0x08000870        0xe ./Core/Src/stm32h7xx_it.o
                0x08000870                PendSV_Handler
 .text.SysTick_Handler
                0x0800087e        0xc ./Core/Src/stm32h7xx_it.o
                0x0800087e                SysTick_Handler
 *fill*         0x0800088a        0x2 
 .text.TIM1_TRG_COM_IRQHandler
                0x0800088c       0x1c ./Core/Src/stm32h7xx_it.o
                0x0800088c                TIM1_TRG_COM_IRQHandler
 .text.TIM4_IRQHandler
                0x080008a8       0x1c ./Core/Src/stm32h7xx_it.o
                0x080008a8                TIM4_IRQHandler
 .text.SystemInit
                0x080008c4      0x110 ./Core/Src/system_stm32h7xx.o
                0x080008c4                SystemInit
 .text.MX_TIM1_Init
                0x080009d4      0x17c ./Core/Src/tim.o
                0x080009d4                MX_TIM1_Init
 .text.MX_TIM2_Init
                0x08000b50       0xb4 ./Core/Src/tim.o
                0x08000b50                MX_TIM2_Init
 .text.MX_TIM4_Init
                0x08000c04       0x9c ./Core/Src/tim.o
                0x08000c04                MX_TIM4_Init
 .text.MX_TIM5_Init
                0x08000ca0       0xf0 ./Core/Src/tim.o
                0x08000ca0                MX_TIM5_Init
 .text.HAL_TIM_Base_MspInit
                0x08000d90      0x110 ./Core/Src/tim.o
                0x08000d90                HAL_TIM_Base_MspInit
 .text.HAL_TIM_PWM_MspInit
                0x08000ea0       0x40 ./Core/Src/tim.o
                0x08000ea0                HAL_TIM_PWM_MspInit
 .text.HAL_TIM_MspPostInit
                0x08000ee0      0x114 ./Core/Src/tim.o
                0x08000ee0                HAL_TIM_MspPostInit
 .text.Reset_Handler
                0x08000ff4       0x50 ./Core/Startup/startup_stm32h743vitx.o
                0x08000ff4                Reset_Handler
 .text.Default_Handler
                0x08001044        0x2 ./Core/Startup/startup_stm32h743vitx.o
                0x08001044                RTC_Alarm_IRQHandler
                0x08001044                EXTI2_IRQHandler
                0x08001044                TIM8_CC_IRQHandler
                0x08001044                HRTIM1_Master_IRQHandler
                0x08001044                UART8_IRQHandler
                0x08001044                SPI4_IRQHandler
                0x08001044                TIM1_CC_IRQHandler
                0x08001044                BDMA_Channel6_IRQHandler
                0x08001044                DMA2_Stream5_IRQHandler
                0x08001044                HRTIM1_FLT_IRQHandler
                0x08001044                JPEG_IRQHandler
                0x08001044                DMA1_Stream5_IRQHandler
                0x08001044                BDMA_Channel1_IRQHandler
                0x08001044                HRTIM1_TIMD_IRQHandler
                0x08001044                TAMP_STAMP_IRQHandler
                0x08001044                EXTI3_IRQHandler
                0x08001044                LPTIM4_IRQHandler
                0x08001044                TIM8_TRG_COM_TIM14_IRQHandler
                0x08001044                LPTIM2_IRQHandler
                0x08001044                DFSDM1_FLT1_IRQHandler
                0x08001044                DMAMUX2_OVR_IRQHandler
                0x08001044                TIM8_UP_TIM13_IRQHandler
                0x08001044                I2C3_ER_IRQHandler
                0x08001044                DFSDM1_FLT2_IRQHandler
                0x08001044                MDMA_IRQHandler
                0x08001044                LPTIM3_IRQHandler
                0x08001044                HSEM1_IRQHandler
                0x08001044                EXTI0_IRQHandler
                0x08001044                I2C2_EV_IRQHandler
                0x08001044                DMA1_Stream2_IRQHandler
                0x08001044                FPU_IRQHandler
                0x08001044                OTG_HS_WKUP_IRQHandler
                0x08001044                FDCAN1_IT1_IRQHandler
                0x08001044                LTDC_ER_IRQHandler
                0x08001044                DMA2_Stream2_IRQHandler
                0x08001044                HRTIM1_TIME_IRQHandler
                0x08001044                SPI1_IRQHandler
                0x08001044                TIM6_DAC_IRQHandler
                0x08001044                DCMI_IRQHandler
                0x08001044                HRTIM1_TIMC_IRQHandler
                0x08001044                DMA2_Stream3_IRQHandler
                0x08001044                SAI2_IRQHandler
                0x08001044                DFSDM1_FLT3_IRQHandler
                0x08001044                USART6_IRQHandler
                0x08001044                TIM17_IRQHandler
                0x08001044                USART3_IRQHandler
                0x08001044                BDMA_Channel7_IRQHandler
                0x08001044                LPTIM5_IRQHandler
                0x08001044                UART5_IRQHandler
                0x08001044                ADC3_IRQHandler
                0x08001044                DMA2_Stream0_IRQHandler
                0x08001044                BDMA_Channel2_IRQHandler
                0x08001044                QUADSPI_IRQHandler
                0x08001044                I2C1_EV_IRQHandler
                0x08001044                DMA1_Stream6_IRQHandler
                0x08001044                DMAMUX1_OVR_IRQHandler
                0x08001044                DMA1_Stream1_IRQHandler
                0x08001044                TIM16_IRQHandler
                0x08001044                UART4_IRQHandler
                0x08001044                BDMA_Channel5_IRQHandler
                0x08001044                TIM3_IRQHandler
                0x08001044                RCC_IRQHandler
                0x08001044                TIM8_BRK_TIM12_IRQHandler
                0x08001044                Default_Handler
                0x08001044                ECC_IRQHandler
                0x08001044                CEC_IRQHandler
                0x08001044                EXTI15_10_IRQHandler
                0x08001044                BDMA_Channel0_IRQHandler
                0x08001044                ADC_IRQHandler
                0x08001044                DMA1_Stream7_IRQHandler
                0x08001044                HRTIM1_TIMA_IRQHandler
                0x08001044                SPI5_IRQHandler
                0x08001044                TIM7_IRQHandler
                0x08001044                SDMMC1_IRQHandler
                0x08001044                TIM5_IRQHandler
                0x08001044                DMA2_Stream7_IRQHandler
                0x08001044                TIM15_IRQHandler
                0x08001044                PVD_AVD_IRQHandler
                0x08001044                I2C3_EV_IRQHandler
                0x08001044                EXTI9_5_IRQHandler
                0x08001044                RTC_WKUP_IRQHandler
                0x08001044                LTDC_IRQHandler
                0x08001044                SAI3_IRQHandler
                0x08001044                ETH_WKUP_IRQHandler
                0x08001044                SPDIF_RX_IRQHandler
                0x08001044                SPI2_IRQHandler
                0x08001044                OTG_HS_EP1_IN_IRQHandler
                0x08001044                DMA1_Stream0_IRQHandler
                0x08001044                CRS_IRQHandler
                0x08001044                EXTI4_IRQHandler
                0x08001044                RNG_IRQHandler
                0x08001044                HRTIM1_TIMB_IRQHandler
                0x08001044                FDCAN2_IT1_IRQHandler
                0x08001044                ETH_IRQHandler
                0x08001044                TIM1_UP_IRQHandler
                0x08001044                BDMA_Channel4_IRQHandler
                0x08001044                OTG_HS_EP1_OUT_IRQHandler
                0x08001044                WWDG_IRQHandler
                0x08001044                SPI6_IRQHandler
                0x08001044                MDIOS_IRQHandler
                0x08001044                I2C4_EV_IRQHandler
                0x08001044                FDCAN2_IT0_IRQHandler
                0x08001044                LPUART1_IRQHandler
                0x08001044                FDCAN1_IT0_IRQHandler
                0x08001044                TIM2_IRQHandler
                0x08001044                OTG_FS_WKUP_IRQHandler
                0x08001044                OTG_HS_IRQHandler
                0x08001044                DMA2D_IRQHandler
                0x08001044                TIM1_BRK_IRQHandler
                0x08001044                EXTI1_IRQHandler
                0x08001044                SDMMC2_IRQHandler
                0x08001044                OTG_FS_EP1_OUT_IRQHandler
                0x08001044                BDMA_Channel3_IRQHandler
                0x08001044                UART7_IRQHandler
                0x08001044                MDIOS_WKUP_IRQHandler
                0x08001044                USART2_IRQHandler
                0x08001044                DFSDM1_FLT0_IRQHandler
                0x08001044                SAI4_IRQHandler
                0x08001044                I2C2_ER_IRQHandler
                0x08001044                DMA2_Stream1_IRQHandler
                0x08001044                FLASH_IRQHandler
                0x08001044                DMA2_Stream4_IRQHandler
                0x08001044                USART1_IRQHandler
                0x08001044                OTG_FS_IRQHandler
                0x08001044                SPI3_IRQHandler
                0x08001044                WAKEUP_PIN_IRQHandler
                0x08001044                DMA1_Stream4_IRQHandler
                0x08001044                OTG_FS_EP1_IN_IRQHandler
                0x08001044                I2C1_ER_IRQHandler
                0x08001044                FMC_IRQHandler
                0x08001044                FDCAN_CAL_IRQHandler
                0x08001044                SWPMI1_IRQHandler
                0x08001044                COMP1_IRQHandler
                0x08001044                LPTIM1_IRQHandler
                0x08001044                I2C4_ER_IRQHandler
                0x08001044                DMA2_Stream6_IRQHandler
                0x08001044                SAI1_IRQHandler
                0x08001044                DMA1_Stream3_IRQHandler
 *fill*         0x08001046        0x2 
 .text.HAL_Init
                0x08001048       0x78 ./Drivers/STM32H7xx_HAL_Driver/Src/stm32h7xx_hal.o
                0x08001048                HAL_Init
 .text.HAL_InitTick
                0x080010c0       0x6c ./Drivers/STM32H7xx_HAL_Driver/Src/stm32h7xx_hal.o
                0x080010c0                HAL_InitTick
 .text.HAL_IncTick
                0x0800112c       0x28 ./Drivers/STM32H7xx_HAL_Driver/Src/stm32h7xx_hal.o
                0x0800112c                HAL_IncTick
 .text.HAL_GetTick
                0x08001154       0x18 ./Drivers/STM32H7xx_HAL_Driver/Src/stm32h7xx_hal.o
                0x08001154                HAL_GetTick
 .text.HAL_Delay
                0x0800116c       0x48 ./Drivers/STM32H7xx_HAL_Driver/Src/stm32h7xx_hal.o
                0x0800116c                HAL_Delay
 .text.HAL_GetREVID
                0x080011b4       0x18 ./Drivers/STM32H7xx_HAL_Driver/Src/stm32h7xx_hal.o
                0x080011b4                HAL_GetREVID
 .text.__NVIC_SetPriorityGrouping
                0x080011cc       0x48 ./Drivers/STM32H7xx_HAL_Driver/Src/stm32h7xx_hal_cortex.o
 .text.__NVIC_GetPriorityGrouping
                0x08001214       0x1c ./Drivers/STM32H7xx_HAL_Driver/Src/stm32h7xx_hal_cortex.o
 .text.__NVIC_EnableIRQ
                0x08001230       0x3c ./Drivers/STM32H7xx_HAL_Driver/Src/stm32h7xx_hal_cortex.o
 .text.__NVIC_SetPriority
                0x0800126c       0x54 ./Drivers/STM32H7xx_HAL_Driver/Src/stm32h7xx_hal_cortex.o
 .text.NVIC_EncodePriority
                0x080012c0       0x66 ./Drivers/STM32H7xx_HAL_Driver/Src/stm32h7xx_hal_cortex.o
 *fill*         0x08001326        0x2 
 .text.SysTick_Config
                0x08001328       0x44 ./Drivers/STM32H7xx_HAL_Driver/Src/stm32h7xx_hal_cortex.o
 .text.HAL_NVIC_SetPriorityGrouping
                0x0800136c       0x16 ./Drivers/STM32H7xx_HAL_Driver/Src/stm32h7xx_hal_cortex.o
                0x0800136c                HAL_NVIC_SetPriorityGrouping
 .text.HAL_NVIC_SetPriority
                0x08001382       0x34 ./Drivers/STM32H7xx_HAL_Driver/Src/stm32h7xx_hal_cortex.o
                0x08001382                HAL_NVIC_SetPriority
 .text.HAL_NVIC_EnableIRQ
                0x080013b6       0x1c ./Drivers/STM32H7xx_HAL_Driver/Src/stm32h7xx_hal_cortex.o
                0x080013b6                HAL_NVIC_EnableIRQ
 .text.HAL_SYSTICK_Config
                0x080013d2       0x18 ./Drivers/STM32H7xx_HAL_Driver/Src/stm32h7xx_hal_cortex.o
                0x080013d2                HAL_SYSTICK_Config
 *fill*         0x080013ea        0x2 
 .text.HAL_MPU_Disable
                0x080013ec       0x30 ./Drivers/STM32H7xx_HAL_Driver/Src/stm32h7xx_hal_cortex.o
                0x080013ec                HAL_MPU_Disable
 .text.HAL_MPU_Enable
                0x0800141c       0x40 ./Drivers/STM32H7xx_HAL_Driver/Src/stm32h7xx_hal_cortex.o
                0x0800141c                HAL_MPU_Enable
 .text.HAL_MPU_ConfigRegion
                0x0800145c       0x80 ./Drivers/STM32H7xx_HAL_Driver/Src/stm32h7xx_hal_cortex.o
                0x0800145c                HAL_MPU_ConfigRegion
 .text.HAL_GPIO_Init
                0x080014dc      0x360 ./Drivers/STM32H7xx_HAL_Driver/Src/stm32h7xx_hal_gpio.o
                0x080014dc                HAL_GPIO_Init
 .text.HAL_GPIO_WritePin
                0x0800183c       0x32 ./Drivers/STM32H7xx_HAL_Driver/Src/stm32h7xx_hal_gpio.o
                0x0800183c                HAL_GPIO_WritePin
 .text.HAL_GPIO_TogglePin
                0x0800186e       0x34 ./Drivers/STM32H7xx_HAL_Driver/Src/stm32h7xx_hal_gpio.o
                0x0800186e                HAL_GPIO_TogglePin
 *fill*         0x080018a2        0x2 
 .text.HAL_PWREx_ConfigSupply
                0x080018a4       0x74 ./Drivers/STM32H7xx_HAL_Driver/Src/stm32h7xx_hal_pwr_ex.o
                0x080018a4                HAL_PWREx_ConfigSupply
 .text.HAL_RCC_OscConfig
                0x08001918      0x8b4 ./Drivers/STM32H7xx_HAL_Driver/Src/stm32h7xx_hal_rcc.o
                0x08001918                HAL_RCC_OscConfig
 .text.HAL_RCC_ClockConfig
                0x080021cc      0x36c ./Drivers/STM32H7xx_HAL_Driver/Src/stm32h7xx_hal_rcc.o
                0x080021cc                HAL_RCC_ClockConfig
 .text.HAL_RCC_GetSysClockFreq
                0x08002538      0x2f4 ./Drivers/STM32H7xx_HAL_Driver/Src/stm32h7xx_hal_rcc.o
                0x08002538                HAL_RCC_GetSysClockFreq
 .text.HAL_RCCEx_PeriphCLKConfig
                0x0800282c     0x1414 ./Drivers/STM32H7xx_HAL_Driver/Src/stm32h7xx_hal_rcc_ex.o
                0x0800282c                HAL_RCCEx_PeriphCLKConfig
 .text.RCCEx_PLL2_Config
                0x08003c40      0x164 ./Drivers/STM32H7xx_HAL_Driver/Src/stm32h7xx_hal_rcc_ex.o
 .text.RCCEx_PLL3_Config
                0x08003da4      0x164 ./Drivers/STM32H7xx_HAL_Driver/Src/stm32h7xx_hal_rcc_ex.o
 .text.HAL_RNG_Init
                0x08003f08       0xc4 ./Drivers/STM32H7xx_HAL_Driver/Src/stm32h7xx_hal_rng.o
                0x08003f08                HAL_RNG_Init
 .text.HAL_TIM_Base_Init
                0x08003fcc       0xae ./Drivers/STM32H7xx_HAL_Driver/Src/stm32h7xx_hal_tim.o
                0x08003fcc                HAL_TIM_Base_Init
 .text.HAL_TIM_PWM_Init
                0x0800407a       0xae ./Drivers/STM32H7xx_HAL_Driver/Src/stm32h7xx_hal_tim.o
                0x0800407a                HAL_TIM_PWM_Init
 .text.HAL_TIM_PWM_Start
                0x08004128      0x21c ./Drivers/STM32H7xx_HAL_Driver/Src/stm32h7xx_hal_tim.o
                0x08004128                HAL_TIM_PWM_Start
 .text.HAL_TIM_OnePulse_Init
                0x08004344       0xa0 ./Drivers/STM32H7xx_HAL_Driver/Src/stm32h7xx_hal_tim.o
                0x08004344                HAL_TIM_OnePulse_Init
 .text.HAL_TIM_OnePulse_MspInit
                0x080043e4       0x14 ./Drivers/STM32H7xx_HAL_Driver/Src/stm32h7xx_hal_tim.o
                0x080043e4                HAL_TIM_OnePulse_MspInit
 .text.HAL_TIM_OnePulse_Start
                0x080043f8       0xec ./Drivers/STM32H7xx_HAL_Driver/Src/stm32h7xx_hal_tim.o
                0x080043f8                HAL_TIM_OnePulse_Start
 .text.HAL_TIM_PWM_ConfigChannel
                0x080044e4      0x228 ./Drivers/STM32H7xx_HAL_Driver/Src/stm32h7xx_hal_tim.o
                0x080044e4                HAL_TIM_PWM_ConfigChannel
 .text.HAL_TIM_ConfigClockSource
                0x0800470c      0x1f0 ./Drivers/STM32H7xx_HAL_Driver/Src/stm32h7xx_hal_tim.o
                0x0800470c                HAL_TIM_ConfigClockSource
 .text.HAL_TIM_SlaveConfigSynchro
                0x080048fc       0x84 ./Drivers/STM32H7xx_HAL_Driver/Src/stm32h7xx_hal_tim.o
                0x080048fc                HAL_TIM_SlaveConfigSynchro
 .text.TIM_Base_SetConfig
                0x08004980      0x14c ./Drivers/STM32H7xx_HAL_Driver/Src/stm32h7xx_hal_tim.o
                0x08004980                TIM_Base_SetConfig
 .text.TIM_OC1_SetConfig
                0x08004acc      0x120 ./Drivers/STM32H7xx_HAL_Driver/Src/stm32h7xx_hal_tim.o
 .text.TIM_OC2_SetConfig
                0x08004bec      0x114 ./Drivers/STM32H7xx_HAL_Driver/Src/stm32h7xx_hal_tim.o
                0x08004bec                TIM_OC2_SetConfig
 .text.TIM_OC3_SetConfig
                0x08004d00      0x110 ./Drivers/STM32H7xx_HAL_Driver/Src/stm32h7xx_hal_tim.o
 .text.TIM_OC4_SetConfig
                0x08004e10       0xd4 ./Drivers/STM32H7xx_HAL_Driver/Src/stm32h7xx_hal_tim.o
 .text.TIM_OC5_SetConfig
                0x08004ee4       0xc8 ./Drivers/STM32H7xx_HAL_Driver/Src/stm32h7xx_hal_tim.o
 .text.TIM_OC6_SetConfig
                0x08004fac       0xcc ./Drivers/STM32H7xx_HAL_Driver/Src/stm32h7xx_hal_tim.o
 .text.TIM_SlaveTimer_SetConfig
                0x08005078      0x1d4 ./Drivers/STM32H7xx_HAL_Driver/Src/stm32h7xx_hal_tim.o
 .text.TIM_TI1_ConfigInputStage
                0x0800524c       0x5e ./Drivers/STM32H7xx_HAL_Driver/Src/stm32h7xx_hal_tim.o
 .text.TIM_TI2_ConfigInputStage
                0x080052aa       0x60 ./Drivers/STM32H7xx_HAL_Driver/Src/stm32h7xx_hal_tim.o
 *fill*         0x0800530a        0x2 
 .text.TIM_ITRx_SetConfig
                0x0800530c       0x3c ./Drivers/STM32H7xx_HAL_Driver/Src/stm32h7xx_hal_tim.o
 .text.TIM_ETR_SetConfig
                0x08005348       0x40 ./Drivers/STM32H7xx_HAL_Driver/Src/stm32h7xx_hal_tim.o
                0x08005348                TIM_ETR_SetConfig
 .text.TIM_CCxChannelCmd
                0x08005388       0x4a ./Drivers/STM32H7xx_HAL_Driver/Src/stm32h7xx_hal_tim.o
                0x08005388                TIM_CCxChannelCmd
 *fill*         0x080053d2        0x2 
 .text.HAL_TIMEx_MasterConfigSynchronization
                0x080053d4      0x11c ./Drivers/STM32H7xx_HAL_Driver/Src/stm32h7xx_hal_tim_ex.o
                0x080053d4                HAL_TIMEx_MasterConfigSynchronization
 .text.HAL_TIMEx_ConfigBreakDeadTime
                0x080054f0       0xfc ./Drivers/STM32H7xx_HAL_Driver/Src/stm32h7xx_hal_tim_ex.o
                0x080054f0                HAL_TIMEx_ConfigBreakDeadTime
 .text.memset   0x080055ec       0x10 C:/Programming/STM32CubeIDE_1.16.0/STM32CubeIDE/plugins/com.st.stm32cube.ide.mcu.externaltools.gnu-tools-for-stm32.12.3.rel1.win32_1.0.200.202406191623/tools/bin/../lib/gcc/arm-none-eabi/12.3.1/../../../../arm-none-eabi/lib/thumb/v7e-m+dp/hard\libc_nano.a(libc_a-memset.o)
                0x080055ec                memset
 .text.__libc_init_array
                0x080055fc       0x48 C:/Programming/STM32CubeIDE_1.16.0/STM32CubeIDE/plugins/com.st.stm32cube.ide.mcu.externaltools.gnu-tools-for-stm32.12.3.rel1.win32_1.0.200.202406191623/tools/bin/../lib/gcc/arm-none-eabi/12.3.1/../../../../arm-none-eabi/lib/thumb/v7e-m+dp/hard\libc_nano.a(libc_a-init.o)
                0x080055fc                __libc_init_array
 *(.glue_7)
 .glue_7        0x08005644        0x0 linker stubs
 *(.glue_7t)
 .glue_7t       0x08005644        0x0 linker stubs
 *(.eh_frame)
 .eh_frame      0x08005644        0x0 C:/Programming/STM32CubeIDE_1.16.0/STM32CubeIDE/plugins/com.st.stm32cube.ide.mcu.externaltools.gnu-tools-for-stm32.12.3.rel1.win32_1.0.200.202406191623/tools/bin/../lib/gcc/arm-none-eabi/12.3.1/thumb/v7e-m+dp/hard/crtbegin.o
 *(.init)
 .init          0x08005644        0x4 C:/Programming/STM32CubeIDE_1.16.0/STM32CubeIDE/plugins/com.st.stm32cube.ide.mcu.externaltools.gnu-tools-for-stm32.12.3.rel1.win32_1.0.200.202406191623/tools/bin/../lib/gcc/arm-none-eabi/12.3.1/thumb/v7e-m+dp/hard/crti.o
                0x08005644                _init
 .init          0x08005648        0x8 C:/Programming/STM32CubeIDE_1.16.0/STM32CubeIDE/plugins/com.st.stm32cube.ide.mcu.externaltools.gnu-tools-for-stm32.12.3.rel1.win32_1.0.200.202406191623/tools/bin/../lib/gcc/arm-none-eabi/12.3.1/thumb/v7e-m+dp/hard/crtn.o
 *(.fini)
 .fini          0x08005650        0x4 C:/Programming/STM32CubeIDE_1.16.0/STM32CubeIDE/plugins/com.st.stm32cube.ide.mcu.externaltools.gnu-tools-for-stm32.12.3.rel1.win32_1.0.200.202406191623/tools/bin/../lib/gcc/arm-none-eabi/12.3.1/thumb/v7e-m+dp/hard/crti.o
                0x08005650                _fini
 .fini          0x08005654        0x8 C:/Programming/STM32CubeIDE_1.16.0/STM32CubeIDE/plugins/com.st.stm32cube.ide.mcu.externaltools.gnu-tools-for-stm32.12.3.rel1.win32_1.0.200.202406191623/tools/bin/../lib/gcc/arm-none-eabi/12.3.1/thumb/v7e-m+dp/hard/crtn.o
                0x0800565c                        . = ALIGN (0x4)
                0x0800565c                        _etext = .

.vfp11_veneer   0x0800565c        0x0
 .vfp11_veneer  0x0800565c        0x0 linker stubs

.v4_bx          0x0800565c        0x0
 .v4_bx         0x0800565c        0x0 linker stubs

.iplt           0x0800565c        0x0
 .iplt          0x0800565c        0x0 C:/Programming/STM32CubeIDE_1.16.0/STM32CubeIDE/plugins/com.st.stm32cube.ide.mcu.externaltools.gnu-tools-for-stm32.12.3.rel1.win32_1.0.200.202406191623/tools/bin/../lib/gcc/arm-none-eabi/12.3.1/thumb/v7e-m+dp/hard/crtbegin.o

.rodata         0x0800565c       0x10
                0x0800565c                        . = ALIGN (0x4)
 *(.rodata)
 *(.rodata*)
 .rodata.D1CorePrescTable
                0x0800565c       0x10 ./Core/Src/system_stm32h7xx.o
                0x0800565c                D1CorePrescTable
                0x0800566c                        . = ALIGN (0x4)

.ARM.extab
 *(.ARM.extab* .gnu.linkonce.armextab.*)

.ARM            0x0800566c        0x0
                0x0800566c                        __exidx_start = .
 *(.ARM.exidx*)
                0x0800566c                        __exidx_end = .

.preinit_array  0x0800566c        0x0
                0x0800566c                        PROVIDE (__preinit_array_start = .)
 *(.preinit_array*)
                0x0800566c                        PROVIDE (__preinit_array_end = .)

.init_array     0x0800566c        0x4
                0x0800566c                        PROVIDE (__init_array_start = .)
 *(SORT_BY_NAME(.init_array.*))
 *(.init_array*)
 .init_array    0x0800566c        0x4 C:/Programming/STM32CubeIDE_1.16.0/STM32CubeIDE/plugins/com.st.stm32cube.ide.mcu.externaltools.gnu-tools-for-stm32.12.3.rel1.win32_1.0.200.202406191623/tools/bin/../lib/gcc/arm-none-eabi/12.3.1/thumb/v7e-m+dp/hard/crtbegin.o
                0x08005670                        PROVIDE (__init_array_end = .)

.fini_array     0x08005670        0x4
                [!provide]                        PROVIDE (__fini_array_start = .)
 *(SORT_BY_NAME(.fini_array.*))
 *(.fini_array*)
 .fini_array    0x08005670        0x4 C:/Programming/STM32CubeIDE_1.16.0/STM32CubeIDE/plugins/com.st.stm32cube.ide.mcu.externaltools.gnu-tools-for-stm32.12.3.rel1.win32_1.0.200.202406191623/tools/bin/../lib/gcc/arm-none-eabi/12.3.1/thumb/v7e-m+dp/hard/crtbegin.o
                [!provide]                        PROVIDE (__fini_array_end = .)
                0x08005674                        _sidata = LOADADDR (.data)

.rel.dyn        0x08005674        0x0
 .rel.iplt      0x08005674        0x0 C:/Programming/STM32CubeIDE_1.16.0/STM32CubeIDE/plugins/com.st.stm32cube.ide.mcu.externaltools.gnu-tools-for-stm32.12.3.rel1.win32_1.0.200.202406191623/tools/bin/../lib/gcc/arm-none-eabi/12.3.1/thumb/v7e-m+dp/hard/crtbegin.o

.data           0x24000000       0x10 load address 0x08005674
                0x24000000                        . = ALIGN (0x4)
                0x24000000                        _sdata = .
 *(.data)
 *(.data*)
 .data.SystemCoreClock
                0x24000000        0x4 ./Core/Src/system_stm32h7xx.o
                0x24000000                SystemCoreClock
 .data.SystemD2Clock
                0x24000004        0x4 ./Core/Src/system_stm32h7xx.o
                0x24000004                SystemD2Clock
 .data.uwTickPrio
                0x24000008        0x4 ./Drivers/STM32H7xx_HAL_Driver/Src/stm32h7xx_hal.o
                0x24000008                uwTickPrio
 .data.uwTickFreq
                0x2400000c        0x1 ./Drivers/STM32H7xx_HAL_Driver/Src/stm32h7xx_hal.o
                0x2400000c                uwTickFreq
 *(.RamFunc)
 *(.RamFunc*)
                0x24000010                        . = ALIGN (0x4)
 *fill*         0x2400000d        0x3 
                0x24000010                        _edata = .

.igot.plt       0x24000010        0x0 load address 0x08005684
 .igot.plt      0x24000010        0x0 C:/Programming/STM32CubeIDE_1.16.0/STM32CubeIDE/plugins/com.st.stm32cube.ide.mcu.externaltools.gnu-tools-for-stm32.12.3.rel1.win32_1.0.200.202406191623/tools/bin/../lib/gcc/arm-none-eabi/12.3.1/thumb/v7e-m+dp/hard/crtbegin.o
                0x24000010                        . = ALIGN (0x4)

.bss            0x24000010      0x178 load address 0x08005684
                0x24000010                        _sbss = .
                0x24000010                        __bss_start__ = _sbss
 *(.bss)
 .bss           0x24000010       0x1c C:/Programming/STM32CubeIDE_1.16.0/STM32CubeIDE/plugins/com.st.stm32cube.ide.mcu.externaltools.gnu-tools-for-stm32.12.3.rel1.win32_1.0.200.202406191623/tools/bin/../lib/gcc/arm-none-eabi/12.3.1/thumb/v7e-m+dp/hard/crtbegin.o
 *(.bss*)
 .bss.DCR       0x2400002c       0x14 ./Core/Src/main.o
                0x2400002c                DCR
 .bss.hrng      0x24000040       0x14 ./Core/Src/rng.o
                0x24000040                hrng
 .bss.htim1     0x24000054       0x4c ./Core/Src/tim.o
                0x24000054                htim1
 .bss.htim2     0x240000a0       0x4c ./Core/Src/tim.o
                0x240000a0                htim2
 .bss.htim4     0x240000ec       0x4c ./Core/Src/tim.o
                0x240000ec                htim4
 .bss.htim5     0x24000138       0x4c ./Core/Src/tim.o
                0x24000138                htim5
 .bss.uwTick    0x24000184        0x4 ./Drivers/STM32H7xx_HAL_Driver/Src/stm32h7xx_hal.o
                0x24000184                uwTick
 *(COMMON)
                0x24000188                        . = ALIGN (0x4)
                0x24000188                        _ebss = .
                0x24000188                        __bss_end__ = _ebss

._user_heap_stack
                0x24000188      0x600 load address 0x08005684
                0x24000188                        . = ALIGN (0x8)
                [!provide]                        PROVIDE (end = .)
                0x24000188                        PROVIDE (_end = .)
                0x24000388                        . = (. + _Min_Heap_Size)
 *fill*         0x24000188      0x200 
                0x24000788                        . = (. + _Min_Stack_Size)
 *fill*         0x24000388      0x400 
                0x24000788                        . = ALIGN (0x8)

/DISCARD/
 libc.a(*)
 libm.a(*)
 libgcc.a(*)

.ARM.attributes
                0x00000000       0x2e
 *(.ARM.attributes)
 .ARM.attributes
                0x00000000       0x20 C:/Programming/STM32CubeIDE_1.16.0/STM32CubeIDE/plugins/com.st.stm32cube.ide.mcu.externaltools.gnu-tools-for-stm32.12.3.rel1.win32_1.0.200.202406191623/tools/bin/../lib/gcc/arm-none-eabi/12.3.1/thumb/v7e-m+dp/hard/crti.o
 .ARM.attributes
                0x00000020       0x32 C:/Programming/STM32CubeIDE_1.16.0/STM32CubeIDE/plugins/com.st.stm32cube.ide.mcu.externaltools.gnu-tools-for-stm32.12.3.rel1.win32_1.0.200.202406191623/tools/bin/../lib/gcc/arm-none-eabi/12.3.1/thumb/v7e-m+dp/hard/crtbegin.o
 .ARM.attributes
                0x00000052       0x32 ./Core/Src/My_Project/DCR_SIGNAL.o
 .ARM.attributes
                0x00000084       0x32 ./Core/Src/My_Project/RISING_PHOTON.o
 .ARM.attributes
                0x000000b6       0x32 ./Core/Src/My_Project/math.o
 .ARM.attributes
                0x000000e8       0x32 ./Core/Src/gpio.o
 .ARM.attributes
                0x0000011a       0x32 ./Core/Src/main.o
 .ARM.attributes
                0x0000014c       0x32 ./Core/Src/rng.o
 .ARM.attributes
                0x0000017e       0x32 ./Core/Src/stm32h7xx_hal_msp.o
 .ARM.attributes
                0x000001b0       0x32 ./Core/Src/stm32h7xx_it.o
 .ARM.attributes
                0x000001e2       0x32 ./Core/Src/system_stm32h7xx.o
 .ARM.attributes
                0x00000214       0x32 ./Core/Src/tim.o
 .ARM.attributes
                0x00000246       0x21 ./Core/Startup/startup_stm32h743vitx.o
 .ARM.attributes
                0x00000267       0x32 ./Drivers/STM32H7xx_HAL_Driver/Src/stm32h7xx_hal.o
 .ARM.attributes
                0x00000299       0x32 ./Drivers/STM32H7xx_HAL_Driver/Src/stm32h7xx_hal_cortex.o
 .ARM.attributes
                0x000002cb       0x32 ./Drivers/STM32H7xx_HAL_Driver/Src/stm32h7xx_hal_gpio.o
 .ARM.attributes
                0x000002fd       0x32 ./Drivers/STM32H7xx_HAL_Driver/Src/stm32h7xx_hal_pwr_ex.o
 .ARM.attributes
                0x0000032f       0x32 ./Drivers/STM32H7xx_HAL_Driver/Src/stm32h7xx_hal_rcc.o
 .ARM.attributes
                0x00000361       0x32 ./Drivers/STM32H7xx_HAL_Driver/Src/stm32h7xx_hal_rcc_ex.o
 .ARM.attributes
                0x00000393       0x32 ./Drivers/STM32H7xx_HAL_Driver/Src/stm32h7xx_hal_rng.o
 .ARM.attributes
                0x000003c5       0x32 ./Drivers/STM32H7xx_HAL_Driver/Src/stm32h7xx_hal_tim.o
 .ARM.attributes
                0x000003f7       0x32 ./Drivers/STM32H7xx_HAL_Driver/Src/stm32h7xx_hal_tim_ex.o
 .ARM.attributes
                0x00000429       0x32 C:/Programming/STM32CubeIDE_1.16.0/STM32CubeIDE/plugins/com.st.stm32cube.ide.mcu.externaltools.gnu-tools-for-stm32.12.3.rel1.win32_1.0.200.202406191623/tools/bin/../lib/gcc/arm-none-eabi/12.3.1/../../../../arm-none-eabi/lib/thumb/v7e-m+dp/hard\libc_nano.a(libc_a-memset.o)
 .ARM.attributes
                0x0000045b       0x32 C:/Programming/STM32CubeIDE_1.16.0/STM32CubeIDE/plugins/com.st.stm32cube.ide.mcu.externaltools.gnu-tools-for-stm32.12.3.rel1.win32_1.0.200.202406191623/tools/bin/../lib/gcc/arm-none-eabi/12.3.1/../../../../arm-none-eabi/lib/thumb/v7e-m+dp/hard\libc_nano.a(libc_a-init.o)
 .ARM.attributes
                0x0000048d       0x20 C:/Programming/STM32CubeIDE_1.16.0/STM32CubeIDE/plugins/com.st.stm32cube.ide.mcu.externaltools.gnu-tools-for-stm32.12.3.rel1.win32_1.0.200.202406191623/tools/bin/../lib/gcc/arm-none-eabi/12.3.1/thumb/v7e-m+dp/hard/crtn.o
OUTPUT(Detector_H743.elf elf32-littlearm)
LOAD linker stubs
LOAD C:/Programming/STM32CubeIDE_1.16.0/STM32CubeIDE/plugins/com.st.stm32cube.ide.mcu.externaltools.gnu-tools-for-stm32.12.3.rel1.win32_1.0.200.202406191623/tools/bin/../lib/gcc/arm-none-eabi/12.3.1/../../../../arm-none-eabi/lib/thumb/v7e-m+dp/hard\libc.a
LOAD C:/Programming/STM32CubeIDE_1.16.0/STM32CubeIDE/plugins/com.st.stm32cube.ide.mcu.externaltools.gnu-tools-for-stm32.12.3.rel1.win32_1.0.200.202406191623/tools/bin/../lib/gcc/arm-none-eabi/12.3.1/../../../../arm-none-eabi/lib/thumb/v7e-m+dp/hard\libm.a
LOAD C:/Programming/STM32CubeIDE_1.16.0/STM32CubeIDE/plugins/com.st.stm32cube.ide.mcu.externaltools.gnu-tools-for-stm32.12.3.rel1.win32_1.0.200.202406191623/tools/bin/../lib/gcc/arm-none-eabi/12.3.1/thumb/v7e-m+dp/hard\libgcc.a

.debug_info     0x00000000    0x109ff
 .debug_info    0x00000000      0x2c5 ./Core/Src/My_Project/DCR_SIGNAL.o
 .debug_info    0x000002c5      0x79b ./Core/Src/My_Project/RISING_PHOTON.o
 .debug_info    0x00000a60      0x11e ./Core/Src/My_Project/math.o
 .debug_info    0x00000b7e      0x62f ./Core/Src/gpio.o
 .debug_info    0x000011ad     0x13c4 ./Core/Src/main.o
 .debug_info    0x00002571      0x977 ./Core/Src/rng.o
 .debug_info    0x00002ee8      0x464 ./Core/Src/stm32h7xx_hal_msp.o
 .debug_info    0x0000334c      0x844 ./Core/Src/stm32h7xx_it.o
 .debug_info    0x00003b90      0xcef ./Core/Src/system_stm32h7xx.o
 .debug_info    0x0000487f     0x168d ./Core/Src/tim.o
 .debug_info    0x00005f0c       0x30 ./Core/Startup/startup_stm32h743vitx.o
 .debug_info    0x00005f3c     0x153b ./Drivers/STM32H7xx_HAL_Driver/Src/stm32h7xx_hal.o
 .debug_info    0x00007477     0x10ac ./Drivers/STM32H7xx_HAL_Driver/Src/stm32h7xx_hal_cortex.o
 .debug_info    0x00008523      0xc4b ./Drivers/STM32H7xx_HAL_Driver/Src/stm32h7xx_hal_gpio.o
 .debug_info    0x0000916e     0x1008 ./Drivers/STM32H7xx_HAL_Driver/Src/stm32h7xx_hal_pwr_ex.o
 .debug_info    0x0000a176      0xe5b ./Drivers/STM32H7xx_HAL_Driver/Src/stm32h7xx_hal_rcc.o
 .debug_info    0x0000afd1     0x1216 ./Drivers/STM32H7xx_HAL_Driver/Src/stm32h7xx_hal_rcc_ex.o
 .debug_info    0x0000c1e7      0x47f ./Drivers/STM32H7xx_HAL_Driver/Src/stm32h7xx_hal_rng.o
 .debug_info    0x0000c666     0x2bae ./Drivers/STM32H7xx_HAL_Driver/Src/stm32h7xx_hal_tim.o
 .debug_info    0x0000f214     0x17eb ./Drivers/STM32H7xx_HAL_Driver/Src/stm32h7xx_hal_tim_ex.o

.debug_abbrev   0x00000000     0x2604
 .debug_abbrev  0x00000000      0x10e ./Core/Src/My_Project/DCR_SIGNAL.o
 .debug_abbrev  0x0000010e      0x165 ./Core/Src/My_Project/RISING_PHOTON.o
 .debug_abbrev  0x00000273       0xa4 ./Core/Src/My_Project/math.o
 .debug_abbrev  0x00000317      0x182 ./Core/Src/gpio.o
 .debug_abbrev  0x00000499      0x2c1 ./Core/Src/main.o
 .debug_abbrev  0x0000075a      0x1d1 ./Core/Src/rng.o
 .debug_abbrev  0x0000092b       0xdb ./Core/Src/stm32h7xx_hal_msp.o
 .debug_abbrev  0x00000a06      0x194 ./Core/Src/stm32h7xx_it.o
 .debug_abbrev  0x00000b9a      0x14c ./Core/Src/system_stm32h7xx.o
 .debug_abbrev  0x00000ce6      0x2a5 ./Core/Src/tim.o
 .debug_abbrev  0x00000f8b       0x24 ./Core/Startup/startup_stm32h743vitx.o
 .debug_abbrev  0x00000faf      0x295 ./Drivers/STM32H7xx_HAL_Driver/Src/stm32h7xx_hal.o
 .debug_abbrev  0x00001244      0x339 ./Drivers/STM32H7xx_HAL_Driver/Src/stm32h7xx_hal_cortex.o
 .debug_abbrev  0x0000157d      0x1fe ./Drivers/STM32H7xx_HAL_Driver/Src/stm32h7xx_hal_gpio.o
 .debug_abbrev  0x0000177b      0x2a7 ./Drivers/STM32H7xx_HAL_Driver/Src/stm32h7xx_hal_pwr_ex.o
 .debug_abbrev  0x00001a22      0x2c8 ./Drivers/STM32H7xx_HAL_Driver/Src/stm32h7xx_hal_rcc.o
 .debug_abbrev  0x00001cea      0x269 ./Drivers/STM32H7xx_HAL_Driver/Src/stm32h7xx_hal_rcc_ex.o
 .debug_abbrev  0x00001f53      0x1ba ./Drivers/STM32H7xx_HAL_Driver/Src/stm32h7xx_hal_rng.o
 .debug_abbrev  0x0000210d      0x276 ./Drivers/STM32H7xx_HAL_Driver/Src/stm32h7xx_hal_tim.o
 .debug_abbrev  0x00002383      0x281 ./Drivers/STM32H7xx_HAL_Driver/Src/stm32h7xx_hal_tim_ex.o

.debug_aranges  0x00000000      0xe10
 .debug_aranges
                0x00000000       0x28 ./Core/Src/My_Project/DCR_SIGNAL.o
 .debug_aranges
                0x00000028       0x28 ./Core/Src/My_Project/RISING_PHOTON.o
 .debug_aranges
                0x00000050       0x20 ./Core/Src/My_Project/math.o
 .debug_aranges
                0x00000070       0x20 ./Core/Src/gpio.o
 .debug_aranges
                0x00000090       0x38 ./Core/Src/main.o
 .debug_aranges
                0x000000c8       0x30 ./Core/Src/rng.o
 .debug_aranges
                0x000000f8       0x20 ./Core/Src/stm32h7xx_hal_msp.o
 .debug_aranges
                0x00000118       0x70 ./Core/Src/stm32h7xx_it.o
 .debug_aranges
                0x00000188       0x28 ./Core/Src/system_stm32h7xx.o
 .debug_aranges
                0x000001b0       0x60 ./Core/Src/tim.o
 .debug_aranges
                0x00000210       0x28 ./Core/Startup/startup_stm32h743vitx.o
 .debug_aranges
                0x00000238      0x198 ./Drivers/STM32H7xx_HAL_Driver/Src/stm32h7xx_hal.o
 .debug_aranges
                0x000003d0      0x130 ./Drivers/STM32H7xx_HAL_Driver/Src/stm32h7xx_hal_cortex.o
 .debug_aranges
                0x00000500       0x58 ./Drivers/STM32H7xx_HAL_Driver/Src/stm32h7xx_hal_gpio.o
 .debug_aranges
                0x00000558      0x158 ./Drivers/STM32H7xx_HAL_Driver/Src/stm32h7xx_hal_pwr_ex.o
 .debug_aranges
                0x000006b0       0x88 ./Drivers/STM32H7xx_HAL_Driver/Src/stm32h7xx_hal_rcc.o
 .debug_aranges
                0x00000738       0xf8 ./Drivers/STM32H7xx_HAL_Driver/Src/stm32h7xx_hal_rcc_ex.o
 .debug_aranges
                0x00000830       0x78 ./Drivers/STM32H7xx_HAL_Driver/Src/stm32h7xx_hal_rng.o
 .debug_aranges
                0x000008a8      0x3e0 ./Drivers/STM32H7xx_HAL_Driver/Src/stm32h7xx_hal_tim.o
 .debug_aranges
                0x00000c88      0x188 ./Drivers/STM32H7xx_HAL_Driver/Src/stm32h7xx_hal_tim_ex.o

.debug_rnglists
                0x00000000      0xab9
 .debug_rnglists
                0x00000000       0x19 ./Core/Src/My_Project/DCR_SIGNAL.o
 .debug_rnglists
                0x00000019       0x19 ./Core/Src/My_Project/RISING_PHOTON.o
 .debug_rnglists
                0x00000032       0x13 ./Core/Src/My_Project/math.o
 .debug_rnglists
                0x00000045       0x14 ./Core/Src/gpio.o
 .debug_rnglists
                0x00000059       0x27 ./Core/Src/main.o
 .debug_rnglists
                0x00000080       0x1f ./Core/Src/rng.o
 .debug_rnglists
                0x0000009f       0x13 ./Core/Src/stm32h7xx_hal_msp.o
 .debug_rnglists
                0x000000b2       0x4f ./Core/Src/stm32h7xx_it.o
 .debug_rnglists
                0x00000101       0x1b ./Core/Src/system_stm32h7xx.o
 .debug_rnglists
                0x0000011c       0x4a ./Core/Src/tim.o
 .debug_rnglists
                0x00000166       0x19 ./Core/Startup/startup_stm32h743vitx.o
 .debug_rnglists
                0x0000017f      0x131 ./Drivers/STM32H7xx_HAL_Driver/Src/stm32h7xx_hal.o
 .debug_rnglists
                0x000002b0       0xe0 ./Drivers/STM32H7xx_HAL_Driver/Src/stm32h7xx_hal_cortex.o
 .debug_rnglists
                0x00000390       0x3f ./Drivers/STM32H7xx_HAL_Driver/Src/stm32h7xx_hal_gpio.o
 .debug_rnglists
                0x000003cf      0x103 ./Drivers/STM32H7xx_HAL_Driver/Src/stm32h7xx_hal_pwr_ex.o
 .debug_rnglists
                0x000004d2       0x68 ./Drivers/STM32H7xx_HAL_Driver/Src/stm32h7xx_hal_rcc.o
 .debug_rnglists
                0x0000053a       0xc0 ./Drivers/STM32H7xx_HAL_Driver/Src/stm32h7xx_hal_rcc_ex.o
 .debug_rnglists
                0x000005fa       0x58 ./Drivers/STM32H7xx_HAL_Driver/Src/stm32h7xx_hal_rng.o
 .debug_rnglists
                0x00000652      0x328 ./Drivers/STM32H7xx_HAL_Driver/Src/stm32h7xx_hal_tim.o
 .debug_rnglists
                0x0000097a      0x13f ./Drivers/STM32H7xx_HAL_Driver/Src/stm32h7xx_hal_tim_ex.o

.debug_macro    0x00000000    0x36efd
 .debug_macro   0x00000000      0x2cd ./Core/Src/My_Project/DCR_SIGNAL.o
 .debug_macro   0x000002cd      0xacc ./Core/Src/My_Project/DCR_SIGNAL.o
 .debug_macro   0x00000d99      0x238 ./Core/Src/My_Project/DCR_SIGNAL.o
 .debug_macro   0x00000fd1       0x2e ./Core/Src/My_Project/DCR_SIGNAL.o
 .debug_macro   0x00000fff       0x3b ./Core/Src/My_Project/DCR_SIGNAL.o
 .debug_macro   0x0000103a       0x22 ./Core/Src/My_Project/DCR_SIGNAL.o
 .debug_macro   0x0000105c       0x8e ./Core/Src/My_Project/DCR_SIGNAL.o
 .debug_macro   0x000010ea       0x51 ./Core/Src/My_Project/DCR_SIGNAL.o
 .debug_macro   0x0000113b      0x103 ./Core/Src/My_Project/DCR_SIGNAL.o
 .debug_macro   0x0000123e       0x6a ./Core/Src/My_Project/DCR_SIGNAL.o
 .debug_macro   0x000012a8      0x1df ./Core/Src/My_Project/DCR_SIGNAL.o
 .debug_macro   0x00001487       0x1c ./Core/Src/My_Project/DCR_SIGNAL.o
 .debug_macro   0x000014a3       0x22 ./Core/Src/My_Project/DCR_SIGNAL.o
 .debug_macro   0x000014c5       0xfb ./Core/Src/My_Project/DCR_SIGNAL.o
 .debug_macro   0x000015c0     0x1305 ./Core/Src/My_Project/DCR_SIGNAL.o
 .debug_macro   0x000028c5      0x11f ./Core/Src/My_Project/DCR_SIGNAL.o
 .debug_macro   0x000029e4       0x27 ./Core/Src/My_Project/DCR_SIGNAL.o
 .debug_macro   0x00002a0b    0x258f9 ./Core/Src/My_Project/DCR_SIGNAL.o
 .debug_macro   0x00028304       0x6d ./Core/Src/My_Project/DCR_SIGNAL.o
 .debug_macro   0x00028371     0x3d79 ./Core/Src/My_Project/DCR_SIGNAL.o
 .debug_macro   0x0002c0ea      0x189 ./Core/Src/My_Project/DCR_SIGNAL.o
 .debug_macro   0x0002c273       0x61 ./Core/Src/My_Project/DCR_SIGNAL.o
 .debug_macro   0x0002c2d4       0x29 ./Core/Src/My_Project/DCR_SIGNAL.o
 .debug_macro   0x0002c2fd       0x43 ./Core/Src/My_Project/DCR_SIGNAL.o
 .debug_macro   0x0002c340       0x34 ./Core/Src/My_Project/DCR_SIGNAL.o
 .debug_macro   0x0002c374       0x16 ./Core/Src/My_Project/DCR_SIGNAL.o
 .debug_macro   0x0002c38a       0x43 ./Core/Src/My_Project/DCR_SIGNAL.o
 .debug_macro   0x0002c3cd       0x34 ./Core/Src/My_Project/DCR_SIGNAL.o
 .debug_macro   0x0002c401       0x10 ./Core/Src/My_Project/DCR_SIGNAL.o
 .debug_macro   0x0002c411       0x58 ./Core/Src/My_Project/DCR_SIGNAL.o
 .debug_macro   0x0002c469       0x8e ./Core/Src/My_Project/DCR_SIGNAL.o
 .debug_macro   0x0002c4f7       0x1c ./Core/Src/My_Project/DCR_SIGNAL.o
 .debug_macro   0x0002c513      0x177 ./Core/Src/My_Project/DCR_SIGNAL.o
 .debug_macro   0x0002c68a      0x369 ./Core/Src/My_Project/DCR_SIGNAL.o
 .debug_macro   0x0002c9f3      0x19b ./Core/Src/My_Project/DCR_SIGNAL.o
 .debug_macro   0x0002cb8e       0x5d ./Core/Src/My_Project/DCR_SIGNAL.o
 .debug_macro   0x0002cbeb     0x2382 ./Core/Src/My_Project/DCR_SIGNAL.o
 .debug_macro   0x0002ef6d     0x102c ./Core/Src/My_Project/DCR_SIGNAL.o
 .debug_macro   0x0002ff99      0x154 ./Core/Src/My_Project/DCR_SIGNAL.o
 .debug_macro   0x000300ed      0x114 ./Core/Src/My_Project/DCR_SIGNAL.o
 .debug_macro   0x00030201      0x3b6 ./Core/Src/My_Project/DCR_SIGNAL.o
 .debug_macro   0x000305b7       0xac ./Core/Src/My_Project/DCR_SIGNAL.o
 .debug_macro   0x00030663      0x72d ./Core/Src/My_Project/DCR_SIGNAL.o
 .debug_macro   0x00030d90      0x228 ./Core/Src/My_Project/DCR_SIGNAL.o
 .debug_macro   0x00030fb8       0x66 ./Core/Src/My_Project/DCR_SIGNAL.o
 .debug_macro   0x0003101e      0x3bb ./Core/Src/My_Project/DCR_SIGNAL.o
 .debug_macro   0x000313d9      0x3e4 ./Core/Src/My_Project/DCR_SIGNAL.o
 .debug_macro   0x000317bd      0x275 ./Core/Src/My_Project/DCR_SIGNAL.o
 .debug_macro   0x00031a32      0x3ca ./Core/Src/My_Project/DCR_SIGNAL.o
 .debug_macro   0x00031dfc      0x408 ./Core/Src/My_Project/DCR_SIGNAL.o
 .debug_macro   0x00032204       0x51 ./Core/Src/My_Project/DCR_SIGNAL.o
 .debug_macro   0x00032255       0x4a ./Core/Src/My_Project/DCR_SIGNAL.o
 .debug_macro   0x0003229f      0x22c ./Core/Src/My_Project/DCR_SIGNAL.o
 .debug_macro   0x000324cb       0x67 ./Core/Src/My_Project/DCR_SIGNAL.o
 .debug_macro   0x00032532       0xa5 ./Core/Src/My_Project/DCR_SIGNAL.o
 .debug_macro   0x000325d7      0x1c4 ./Core/Src/My_Project/DCR_SIGNAL.o
 .debug_macro   0x0003279b      0x25e ./Core/Src/My_Project/DCR_SIGNAL.o
 .debug_macro   0x000329f9       0x35 ./Core/Src/My_Project/DCR_SIGNAL.o
 .debug_macro   0x00032a2e       0xb9 ./Core/Src/My_Project/DCR_SIGNAL.o
 .debug_macro   0x00032ae7      0xafa ./Core/Src/My_Project/DCR_SIGNAL.o
 .debug_macro   0x000335e1      0x29f ./Core/Src/My_Project/DCR_SIGNAL.o
 .debug_macro   0x00033880      0x5a0 ./Core/Src/My_Project/DCR_SIGNAL.o
 .debug_macro   0x00033e20       0x10 ./Core/Src/My_Project/DCR_SIGNAL.o
 .debug_macro   0x00033e30       0x10 ./Core/Src/My_Project/DCR_SIGNAL.o
 .debug_macro   0x00033e40      0x2ba ./Core/Src/My_Project/RISING_PHOTON.o
 .debug_macro   0x000340fa      0x2bc ./Core/Src/My_Project/math.o
 .debug_macro   0x000343b6      0x2b6 ./Core/Src/gpio.o
 .debug_macro   0x0003466c      0x2e1 ./Core/Src/main.o
 .debug_macro   0x0003494d      0x2b6 ./Core/Src/rng.o
 .debug_macro   0x00034c03      0x2ac ./Core/Src/stm32h7xx_hal_msp.o
 .debug_macro   0x00034eaf      0x2b6 ./Core/Src/stm32h7xx_it.o
 .debug_macro   0x00035165      0x29d ./Core/Src/system_stm32h7xx.o
 .debug_macro   0x00035402      0x2b6 ./Core/Src/tim.o
 .debug_macro   0x000356b8      0x2c7 ./Drivers/STM32H7xx_HAL_Driver/Src/stm32h7xx_hal.o
 .debug_macro   0x0003597f      0x29d ./Drivers/STM32H7xx_HAL_Driver/Src/stm32h7xx_hal_cortex.o
 .debug_macro   0x00035c1c      0x2a4 ./Drivers/STM32H7xx_HAL_Driver/Src/stm32h7xx_hal_gpio.o
 .debug_macro   0x00035ec0      0x2d6 ./Drivers/STM32H7xx_HAL_Driver/Src/stm32h7xx_hal_pwr_ex.o
 .debug_macro   0x00036196      0x2c1 ./Drivers/STM32H7xx_HAL_Driver/Src/stm32h7xx_hal_rcc.o
 .debug_macro   0x00036457      0x2bb ./Drivers/STM32H7xx_HAL_Driver/Src/stm32h7xx_hal_rcc_ex.o
 .debug_macro   0x00036712      0x2b0 ./Drivers/STM32H7xx_HAL_Driver/Src/stm32h7xx_hal_rng.o
 .debug_macro   0x000369c2      0x29e ./Drivers/STM32H7xx_HAL_Driver/Src/stm32h7xx_hal_tim.o
 .debug_macro   0x00036c60      0x29d ./Drivers/STM32H7xx_HAL_Driver/Src/stm32h7xx_hal_tim_ex.o

.debug_line     0x00000000    0x146b0
 .debug_line    0x00000000      0xa13 ./Core/Src/My_Project/DCR_SIGNAL.o
 .debug_line    0x00000a13      0x9fc ./Core/Src/My_Project/RISING_PHOTON.o
 .debug_line    0x0000140f      0x9cf ./Core/Src/My_Project/math.o
 .debug_line    0x00001dde      0x9c1 ./Core/Src/gpio.o
 .debug_line    0x0000279f      0xaee ./Core/Src/main.o
 .debug_line    0x0000328d      0xa04 ./Core/Src/rng.o
 .debug_line    0x00003c91      0x9b1 ./Core/Src/stm32h7xx_hal_msp.o
 .debug_line    0x00004642      0xaa6 ./Core/Src/stm32h7xx_it.o
 .debug_line    0x000050e8      0xb6d ./Core/Src/system_stm32h7xx.o
 .debug_line    0x00005c55      0xcac ./Core/Src/tim.o
 .debug_line    0x00006901       0x7a ./Core/Startup/startup_stm32h743vitx.o
 .debug_line    0x0000697b      0xf62 ./Drivers/STM32H7xx_HAL_Driver/Src/stm32h7xx_hal.o
 .debug_line    0x000078dd      0xf91 ./Drivers/STM32H7xx_HAL_Driver/Src/stm32h7xx_hal_cortex.o
 .debug_line    0x0000886e      0xe3a ./Drivers/STM32H7xx_HAL_Driver/Src/stm32h7xx_hal_gpio.o
 .debug_line    0x000096a8     0x1085 ./Drivers/STM32H7xx_HAL_Driver/Src/stm32h7xx_hal_pwr_ex.o
 .debug_line    0x0000a72d     0x1532 ./Drivers/STM32H7xx_HAL_Driver/Src/stm32h7xx_hal_rcc.o
 .debug_line    0x0000bc5f     0x1e4a ./Drivers/STM32H7xx_HAL_Driver/Src/stm32h7xx_hal_rcc_ex.o
 .debug_line    0x0000daa9      0xc0d ./Drivers/STM32H7xx_HAL_Driver/Src/stm32h7xx_hal_rng.o
 .debug_line    0x0000e6b6     0x40f8 ./Drivers/STM32H7xx_HAL_Driver/Src/stm32h7xx_hal_tim.o
 .debug_line    0x000127ae     0x1f02 ./Drivers/STM32H7xx_HAL_Driver/Src/stm32h7xx_hal_tim_ex.o

.debug_str      0x00000000   0x15b1fb
 .debug_str     0x00000000   0x15633d ./Core/Src/My_Project/DCR_SIGNAL.o
                             0x1567c5 (size before relaxing)
 .debug_str     0x0015633d      0x5d2 ./Core/Src/My_Project/RISING_PHOTON.o
                             0x156d58 (size before relaxing)
 .debug_str     0x0015690f       0x23 ./Core/Src/My_Project/math.o
                             0x156723 (size before relaxing)
 .debug_str     0x00156932      0x2f3 ./Core/Src/gpio.o
                             0x1569cd (size before relaxing)
 .debug_str     0x00156c25      0x459 ./Core/Src/main.o
                             0x15746a (size before relaxing)
 .debug_str     0x0015707e      0x420 ./Core/Src/rng.o
                             0x156e0a (size before relaxing)
 .debug_str     0x0015749e       0x2c ./Core/Src/stm32h7xx_hal_msp.o
                             0x156902 (size before relaxing)
 .debug_str     0x001574ca       0xd9 ./Core/Src/stm32h7xx_it.o
                             0x156e1d (size before relaxing)
 .debug_str     0x001575a3      0x344 ./Core/Src/system_stm32h7xx.o
                             0x156bfa (size before relaxing)
 .debug_str     0x001578e7      0xb8f ./Core/Src/tim.o
                             0x157c77 (size before relaxing)
 .debug_str     0x00158476       0x44 ./Core/Startup/startup_stm32h743vitx.o
                                 0x66 (size before relaxing)
 .debug_str     0x001584ba      0x7ef ./Drivers/STM32H7xx_HAL_Driver/Src/stm32h7xx_hal.o
                             0x157b10 (size before relaxing)
 .debug_str     0x00158ca9      0x2b9 ./Drivers/STM32H7xx_HAL_Driver/Src/stm32h7xx_hal_cortex.o
                             0x15754b (size before relaxing)
 .debug_str     0x00158f62       0xde ./Drivers/STM32H7xx_HAL_Driver/Src/stm32h7xx_hal_gpio.o
                             0x156bb1 (size before relaxing)
 .debug_str     0x00159040      0x642 ./Drivers/STM32H7xx_HAL_Driver/Src/stm32h7xx_hal_pwr_ex.o
                             0x157072 (size before relaxing)
 .debug_str     0x00159682      0x22e ./Drivers/STM32H7xx_HAL_Driver/Src/stm32h7xx_hal_rcc.o
                             0x156f95 (size before relaxing)
 .debug_str     0x001598b0      0x653 ./Drivers/STM32H7xx_HAL_Driver/Src/stm32h7xx_hal_rcc_ex.o
                             0x157476 (size before relaxing)
 .debug_str     0x00159f03      0x16a ./Drivers/STM32H7xx_HAL_Driver/Src/stm32h7xx_hal_rng.o
                             0x156974 (size before relaxing)
 .debug_str     0x0015a06d      0xcd8 ./Drivers/STM32H7xx_HAL_Driver/Src/stm32h7xx_hal_tim.o
                             0x157d34 (size before relaxing)
 .debug_str     0x0015ad45      0x4b6 ./Drivers/STM32H7xx_HAL_Driver/Src/stm32h7xx_hal_tim_ex.o
                             0x15765c (size before relaxing)

.comment        0x00000000       0x43
 .comment       0x00000000       0x43 ./Core/Src/My_Project/DCR_SIGNAL.o
                                 0x44 (size before relaxing)
 .comment       0x00000043       0x44 ./Core/Src/My_Project/RISING_PHOTON.o
 .comment       0x00000043       0x44 ./Core/Src/My_Project/math.o
 .comment       0x00000043       0x44 ./Core/Src/gpio.o
 .comment       0x00000043       0x44 ./Core/Src/main.o
 .comment       0x00000043       0x44 ./Core/Src/rng.o
 .comment       0x00000043       0x44 ./Core/Src/stm32h7xx_hal_msp.o
 .comment       0x00000043       0x44 ./Core/Src/stm32h7xx_it.o
 .comment       0x00000043       0x44 ./Core/Src/system_stm32h7xx.o
 .comment       0x00000043       0x44 ./Core/Src/tim.o
 .comment       0x00000043       0x44 ./Drivers/STM32H7xx_HAL_Driver/Src/stm32h7xx_hal.o
 .comment       0x00000043       0x44 ./Drivers/STM32H7xx_HAL_Driver/Src/stm32h7xx_hal_cortex.o
 .comment       0x00000043       0x44 ./Drivers/STM32H7xx_HAL_Driver/Src/stm32h7xx_hal_gpio.o
 .comment       0x00000043       0x44 ./Drivers/STM32H7xx_HAL_Driver/Src/stm32h7xx_hal_pwr_ex.o
 .comment       0x00000043       0x44 ./Drivers/STM32H7xx_HAL_Driver/Src/stm32h7xx_hal_rcc.o
 .comment       0x00000043       0x44 ./Drivers/STM32H7xx_HAL_Driver/Src/stm32h7xx_hal_rcc_ex.o
 .comment       0x00000043       0x44 ./Drivers/STM32H7xx_HAL_Driver/Src/stm32h7xx_hal_rng.o
 .comment       0x00000043       0x44 ./Drivers/STM32H7xx_HAL_Driver/Src/stm32h7xx_hal_tim.o
 .comment       0x00000043       0x44 ./Drivers/STM32H7xx_HAL_Driver/Src/stm32h7xx_hal_tim_ex.o

.debug_frame    0x00000000     0x38e0
 .debug_frame   0x00000000       0x54 ./Core/Src/My_Project/DCR_SIGNAL.o
 .debug_frame   0x00000054       0x60 ./Core/Src/My_Project/RISING_PHOTON.o
 .debug_frame   0x000000b4       0x38 ./Core/Src/My_Project/math.o
 .debug_frame   0x000000ec       0x34 ./Core/Src/gpio.o
 .debug_frame   0x00000120       0x90 ./Core/Src/main.o
 .debug_frame   0x000001b0       0x78 ./Core/Src/rng.o
 .debug_frame   0x00000228       0x38 ./Core/Src/stm32h7xx_hal_msp.o
 .debug_frame   0x00000260      0x13c ./Core/Src/stm32h7xx_it.o
 .debug_frame   0x0000039c       0x58 ./Core/Src/system_stm32h7xx.o
 .debug_frame   0x000003f4      0x15c ./Core/Src/tim.o
 .debug_frame   0x00000550      0x690 ./Drivers/STM32H7xx_HAL_Driver/Src/stm32h7xx_hal.o
 .debug_frame   0x00000be0      0x508 ./Drivers/STM32H7xx_HAL_Driver/Src/stm32h7xx_hal_cortex.o
 .debug_frame   0x000010e8      0x14c ./Drivers/STM32H7xx_HAL_Driver/Src/stm32h7xx_hal_gpio.o
 .debug_frame   0x00001234      0x580 ./Drivers/STM32H7xx_HAL_Driver/Src/stm32h7xx_hal_pwr_ex.o
 .debug_frame   0x000017b4      0x1f8 ./Drivers/STM32H7xx_HAL_Driver/Src/stm32h7xx_hal_rcc.o
 .debug_frame   0x000019ac      0x414 ./Drivers/STM32H7xx_HAL_Driver/Src/stm32h7xx_hal_rcc_ex.o
 .debug_frame   0x00001dc0      0x1e0 ./Drivers/STM32H7xx_HAL_Driver/Src/stm32h7xx_hal_rng.o
 .debug_frame   0x00001fa0     0x121c ./Drivers/STM32H7xx_HAL_Driver/Src/stm32h7xx_hal_tim.o
 .debug_frame   0x000031bc      0x6d8 ./Drivers/STM32H7xx_HAL_Driver/Src/stm32h7xx_hal_tim_ex.o
 .debug_frame   0x00003894       0x20 C:/Programming/STM32CubeIDE_1.16.0/STM32CubeIDE/plugins/com.st.stm32cube.ide.mcu.externaltools.gnu-tools-for-stm32.12.3.rel1.win32_1.0.200.202406191623/tools/bin/../lib/gcc/arm-none-eabi/12.3.1/../../../../arm-none-eabi/lib/thumb/v7e-m+dp/hard\libc_nano.a(libc_a-memset.o)
 .debug_frame   0x000038b4       0x2c C:/Programming/STM32CubeIDE_1.16.0/STM32CubeIDE/plugins/com.st.stm32cube.ide.mcu.externaltools.gnu-tools-for-stm32.12.3.rel1.win32_1.0.200.202406191623/tools/bin/../lib/gcc/arm-none-eabi/12.3.1/../../../../arm-none-eabi/lib/thumb/v7e-m+dp/hard\libc_nano.a(libc_a-init.o)

.debug_line_str
                0x00000000       0x4a
 .debug_line_str
                0x00000000       0x4a ./Core/Startup/startup_stm32h743vitx.o
